{
  "assumptions": {
    "scale_m": 10,
    "session_seconds": 1,
    "measurement_per_step": 1,
    "unknown_cells": "NaN; excluded from weighted averages",
    "seconds": 900,
    "seeds": 20,
    "max_step_per_axis": 0.025,
    "connection_radius_m": 4.11,
    "layout": "double",
    "movement": "cores",
    "pair_spacing_m": 1.5,
    "dwell_seconds": [
      60,
      120
    ],
    "travel_speed_m_per_second": 0.2,
    "double_coverage_guaranteed_radius_m": 4.100304866714181,
    "radio": "Conexión si distancia <= radio; fuera de radio se entrega D_max a la heurística",
    "anchors": "Todos los anchors presentes en sit_placas; no solo los de la configuración hardware"
  },
  "results": {
    "adaptive": {
      "mean_distance_m": 2.966450618716086,
      "min_available_anchors": 3,
      "double_coverage_percent": 100,
      "mean_excess_distance_m": 2.1925118916391515,
      "normalized_excess_distance_percent": 21.92511891639151,
      "mean_nearest_distance_m": 0.7739387270769348,
      "mean_connected_distance_m": 1.5361850293486479,
      "oracle_instant_data_percent": 100.0,
      "oracle_session_data_percent": 100.0,
      "coverage_efficiency_percent": 63.82222222222222,
      "top3_percent": 59.699999999999996,
      "data_percent": 63.82222222222222,
      "within_radius_percent": 63.82222222222222,
      "any_anchor_within_radius_percent": 100,
      "changes": 780.9,
      "decisions": 900,
      "change_percent": 86.86318131256952,
      "alternation_percent": 86.86318131256952,
      "repeat_percent": 13.136818687430479,
      "repeats": 118.1,
      "transitions": 899,
      "unique_anchors": 9,
      "dwell_data_percent": 61.77666912072821,
      "travel_data_percent": 71.07305122219122
    },
    "previous": {
      "mean_distance_m": 2.7305698276746764,
      "min_available_anchors": 3,
      "double_coverage_percent": 100,
      "mean_excess_distance_m": 2.337865229593489,
      "normalized_excess_distance_percent": 23.378652295934888,
      "mean_nearest_distance_m": 0.3927045980811874,
      "mean_connected_distance_m": 1.2624942702242812,
      "oracle_instant_data_percent": 100.0,
      "oracle_session_data_percent": 100.0,
      "coverage_efficiency_percent": 65.5,
      "top3_percent": 60.9,
      "data_percent": 65.5,
      "within_radius_percent": 65.5,
      "any_anchor_within_radius_percent": 100,
      "changes": 779.6,
      "decisions": 900,
      "change_percent": 86.71857619577308,
      "alternation_percent": 86.71857619577308,
      "repeat_percent": 13.281423804226918,
      "repeats": 119.4,
      "transitions": 899,
      "unique_anchors": 9,
      "dwell_data_percent": 63.47884232893055,
      "travel_data_percent": 72.5538828580499
    },
    "power": {
      "mean_distance_m": 2.940891867035097,
      "min_available_anchors": 3,
      "double_coverage_percent": 100,
      "mean_excess_distance_m": 2.1669531399581627,
      "normalized_excess_distance_percent": 21.669531399581626,
      "mean_nearest_distance_m": 0.7739387270769348,
      "mean_connected_distance_m": 1.508218251702327,
      "oracle_instant_data_percent": 100.0,
      "oracle_session_data_percent": 100.0,
      "coverage_efficiency_percent": 64.41111111111111,
      "top3_percent": 60.13333333333333,
      "data_percent": 64.41111111111111,
      "within_radius_percent": 64.41111111111111,
      "any_anchor_within_radius_percent": 100,
      "changes": 776,
      "decisions": 900,
      "change_percent": 86.31813125695217,
      "alternation_percent": 86.31813125695217,
      "repeat_percent": 13.681868743047831,
      "repeats": 123,
      "transitions": 899,
      "unique_anchors": 9,
      "dwell_data_percent": 62.27209682387766,
      "travel_data_percent": 71.89746886937361
    },
    "uniform": {
      "mean_distance_m": 4.254399254475459,
      "min_available_anchors": 3,
      "double_coverage_percent": 100,
      "mean_excess_distance_m": 3.480460527398524,
      "normalized_excess_distance_percent": 34.80460527398524,
      "mean_nearest_distance_m": 0.7739387270769348,
      "mean_connected_distance_m": 1.9207725400058842,
      "oracle_instant_data_percent": 100.0,
      "oracle_session_data_percent": 100.0,
      "coverage_efficiency_percent": 37.56666666666667,
      "top3_percent": 33.62777777777778,
      "data_percent": 37.56666666666666,
      "within_radius_percent": 37.56666666666666,
      "any_anchor_within_radius_percent": 100,
      "changes": 803.4,
      "decisions": 900,
      "change_percent": 89.36596218020023,
      "alternation_percent": 89.36596218020023,
      "repeat_percent": 10.634037819799778,
      "repeats": 95.6,
      "transitions": 899,
      "unique_anchors": 9,
      "dwell_data_percent": 33.5426866659975,
      "travel_data_percent": 51.68652708153272
    },
    "round_robin": {
      "mean_distance_m": 4.265375315988062,
      "min_available_anchors": 3,
      "double_coverage_percent": 100,
      "mean_excess_distance_m": 3.491436588911127,
      "normalized_excess_distance_percent": 34.91436588911127,
      "mean_nearest_distance_m": 0.7739387270769348,
      "mean_connected_distance_m": 1.899131544205422,
      "oracle_instant_data_percent": 100.0,
      "oracle_session_data_percent": 100.0,
      "coverage_efficiency_percent": 37.233333333333334,
      "top3_percent": 33.294444444444444,
      "data_percent": 37.233333333333334,
      "within_radius_percent": 37.233333333333334,
      "any_anchor_within_radius_percent": 100,
      "changes": 899,
      "decisions": 900,
      "change_percent": 100.0,
      "alternation_percent": 100.0,
      "repeat_percent": 0.0,
      "repeats": 0,
      "transitions": 899,
      "unique_anchors": 9,
      "dwell_data_percent": 33.435144406181614,
      "travel_data_percent": 50.48806371648786
    }
  }
}
